// Jest Snapshot v1, https://goo.gl/fbAQLP

exports[`App.tsx should mount successfully 1`] = `
<div>
  <Switch>
    <Route
      component={[Function]}
      exact={true}
      path="/"
    />
    <Route
      component={[Function]}
    />
  </Switch>
</div>
`;
